---
source: src/lib.rs
expression: output
---
{
  "items": []
}
